// Jest Snapshot v1, https://goo.gl/fbAQLP

exports[`<ExtensionViewContainer /> when in viewer mode renders correctly 1`] = `
ShallowWrapper {
  "length": 1,
  Symbol(enzyme.__root__): [Circular],
  Symbol(enzyme.__unrendered__): <ExtensionViewContainer
    deleteExtensionViewHandler={[Function]}
    extension={
        Object {
            "authorName": "test",
            "bitsEnabled": false,
            "clientId": "mockClientId",
            "description": "description",
            "iconUrl": "iconUrl",
            "id": "id",
            "name": "name",
            "requestIdentityLink": false,
            "sku": "sku",
            "state": "Released",
            "summary": "summary",
            "token": "token",
            "vendorCode": "vendorCode",
            "version": "0.1",
            "views": Object {
              "component": Object {
                "aspectHeight": 3000,
                "aspectWidth": 2500,
                "canLinkExternalContent": false,
                "viewerUrl": "test",
                "zoom": false,
                "zoomPixels": 100,
              },
              "config": Object {
                "canLinkExternalContent": false,
                "viewerUrl": "test",
              },
              "liveConfig": Object {
                "canLinkExternalContent": false,
                "viewerUrl": "test",
              },
              "mobile": Object {
                "viewerUrl": "test",
              },
              "panel": Object {
                "canLinkExternalContent": false,
                "height": 300,
                "viewerUrl": "test",
              },
              "videoOverlay": Object {
                "canLinkExternalContent": false,
                "viewerUrl": "test",
              },
            },
            "whitelistedConfigUrls": Array [
              "foo",
            ],
            "whitelistedPanelUrls": Array [
              "bar",
            ],
          }
    }
    extensionViews={Array []}
    isLocal={true}
    mockApiEnabled={false}
    mode="viewer"
    openEditViewHandler={[Function]}
    openExtensionViewHandler={[Function]}
/>,
  Symbol(enzyme.__renderer__): Object {
    "batchedUpdates": [Function],
    "getNode": [Function],
    "render": [Function],
    "simulateEvent": [Function],
    "unmount": [Function],
  },
  Symbol(enzyme.__node__): Object {
    "instance": null,
    "key": undefined,
    "nodeType": "host",
    "props": Object {
      "children": Array [
        <div
          className="trigger-bar"
>
          <div
                    className="trigger-bar__switch"
                    onClick={[Function]}
          >
                    <div
                              className="trigger-bar__switch-handle"
                    >
                              off
                    </div>
          </div>
          <div
                    className="trigger-bar__text"
          >
                    Use Mock Triggers
          </div>
          <button
                    className="trigger-bar__button"
          >
                    Edit Responses
          </button>
</div>,
        <div
          className="view-container"
>
          
</div>,
        <div>
          <ExtensionViewButton
                    onClick={[Function]}
          />
</div>,
      ],
      "className": "view-container-wrapper",
    },
    "ref": null,
    "rendered": Array [
      Object {
        "instance": null,
        "key": undefined,
        "nodeType": "host",
        "props": Object {
          "children": Array [
            <div
              className="trigger-bar__switch"
              onClick={[Function]}
>
              <div
                            className="trigger-bar__switch-handle"
              >
                            off
              </div>
</div>,
            <div
              className="trigger-bar__text"
>
              Use Mock Triggers
</div>,
            <button
              className="trigger-bar__button"
>
              Edit Responses
</button>,
          ],
          "className": "trigger-bar",
        },
        "ref": null,
        "rendered": Array [
          Object {
            "instance": null,
            "key": undefined,
            "nodeType": "host",
            "props": Object {
              "children": <div
                className="trigger-bar__switch-handle"
>
                off
</div>,
              "className": "trigger-bar__switch",
              "onClick": [Function],
            },
            "ref": null,
            "rendered": Object {
              "instance": null,
              "key": undefined,
              "nodeType": "host",
              "props": Object {
                "children": "off",
                "className": "trigger-bar__switch-handle",
              },
              "ref": null,
              "rendered": "off",
              "type": "div",
            },
            "type": "div",
          },
          Object {
            "instance": null,
            "key": undefined,
            "nodeType": "host",
            "props": Object {
              "children": "Use Mock Triggers",
              "className": "trigger-bar__text",
            },
            "ref": null,
            "rendered": "Use Mock Triggers",
            "type": "div",
          },
          Object {
            "instance": null,
            "key": undefined,
            "nodeType": "host",
            "props": Object {
              "children": "Edit Responses",
              "className": "trigger-bar__button",
            },
            "ref": null,
            "rendered": "Edit Responses",
            "type": "button",
          },
        ],
        "type": "div",
      },
      Object {
        "instance": null,
        "key": undefined,
        "nodeType": "host",
        "props": Object {
          "children": Array [],
          "className": "view-container",
        },
        "ref": null,
        "rendered": Array [],
        "type": "div",
      },
      Object {
        "instance": null,
        "key": undefined,
        "nodeType": "host",
        "props": Object {
          "children": <ExtensionViewButton
            onClick={[Function]}
/>,
        },
        "ref": null,
        "rendered": Object {
          "instance": null,
          "key": undefined,
          "nodeType": "class",
          "props": Object {
            "onClick": [Function],
          },
          "ref": null,
          "rendered": null,
          "type": [Function],
        },
        "type": "div",
      },
    ],
    "type": "div",
  },
  Symbol(enzyme.__nodes__): Array [
    Object {
      "instance": null,
      "key": undefined,
      "nodeType": "host",
      "props": Object {
        "children": Array [
          <div
            className="trigger-bar"
>
            <div
                        className="trigger-bar__switch"
                        onClick={[Function]}
            >
                        <div
                                    className="trigger-bar__switch-handle"
                        >
                                    off
                        </div>
            </div>
            <div
                        className="trigger-bar__text"
            >
                        Use Mock Triggers
            </div>
            <button
                        className="trigger-bar__button"
            >
                        Edit Responses
            </button>
</div>,
          <div
            className="view-container"
>
            
</div>,
          <div>
            <ExtensionViewButton
                        onClick={[Function]}
            />
</div>,
        ],
        "className": "view-container-wrapper",
      },
      "ref": null,
      "rendered": Array [
        Object {
          "instance": null,
          "key": undefined,
          "nodeType": "host",
          "props": Object {
            "children": Array [
              <div
                className="trigger-bar__switch"
                onClick={[Function]}
>
                <div
                                className="trigger-bar__switch-handle"
                >
                                off
                </div>
</div>,
              <div
                className="trigger-bar__text"
>
                Use Mock Triggers
</div>,
              <button
                className="trigger-bar__button"
>
                Edit Responses
</button>,
            ],
            "className": "trigger-bar",
          },
          "ref": null,
          "rendered": Array [
            Object {
              "instance": null,
              "key": undefined,
              "nodeType": "host",
              "props": Object {
                "children": <div
                  className="trigger-bar__switch-handle"
>
                  off
</div>,
                "className": "trigger-bar__switch",
                "onClick": [Function],
              },
              "ref": null,
              "rendered": Object {
                "instance": null,
                "key": undefined,
                "nodeType": "host",
                "props": Object {
                  "children": "off",
                  "className": "trigger-bar__switch-handle",
                },
                "ref": null,
                "rendered": "off",
                "type": "div",
              },
              "type": "div",
            },
            Object {
              "instance": null,
              "key": undefined,
              "nodeType": "host",
              "props": Object {
                "children": "Use Mock Triggers",
                "className": "trigger-bar__text",
              },
              "ref": null,
              "rendered": "Use Mock Triggers",
              "type": "div",
            },
            Object {
              "instance": null,
              "key": undefined,
              "nodeType": "host",
              "props": Object {
                "children": "Edit Responses",
                "className": "trigger-bar__button",
              },
              "ref": null,
              "rendered": "Edit Responses",
              "type": "button",
            },
          ],
          "type": "div",
        },
        Object {
          "instance": null,
          "key": undefined,
          "nodeType": "host",
          "props": Object {
            "children": Array [],
            "className": "view-container",
          },
          "ref": null,
          "rendered": Array [],
          "type": "div",
        },
        Object {
          "instance": null,
          "key": undefined,
          "nodeType": "host",
          "props": Object {
            "children": <ExtensionViewButton
              onClick={[Function]}
/>,
          },
          "ref": null,
          "rendered": Object {
            "instance": null,
            "key": undefined,
            "nodeType": "class",
            "props": Object {
              "onClick": [Function],
            },
            "ref": null,
            "rendered": null,
            "type": [Function],
          },
          "type": "div",
        },
      ],
      "type": "div",
    },
  ],
  Symbol(enzyme.__options__): Object {
    "adapter": ReactSixteenAdapter {
      "options": Object {
        "enableComponentDidUpdateOnSetState": true,
      },
    },
  },
}
`;
